// Jest Snapshot v1, https://goo.gl/fbAQLP

exports[`performs snapshot testing 1`] = `
<div
  className="brokerCard"
>
  <div
    className="cardTitle"
  >
    Property Broker
  </div>
  <div
    className="profilePic"
  >
    <img
      alt="Albus Dumbledore"
      src="https://pointrussell.opencities.com/files/content/public/v/5/council/elected-members/albus-dumbledore/albus-dumbledore.jpg?dimension=pageimage&w=480"
    />
  </div>
  <div
    className="brokerName"
  >
    <h2>
      Albus Dumbledore
    </h2>
  </div>
  <div
    className="brokerInfo"
  >
    <p>
      itsleviosa@hogwarts.com
    </p>
    <p>
      514-252-2525
    </p>
  </div>
  <div
    className="social"
  >
    <ul>
      <li>
        <i
          class="fab fa-facebook"
        />
      </li>
      <li>
        <i
          class="fas fa-envelope"
        />
      </li>
      <li>
        <i
          class="fas fa-phone"
        />
      </li>
      <li>
        <i
          class="fas fa-link"
        />
      </li>
    </ul>
  </div>
  <button
    onClick={[Function]}
  >
    Modify
  </button>
</div>
`;

exports[`performs snapshot testing 2`] = `
<div
  className="myGalleryContainer"
>
  <div
    aria-live="polite"
    className="image-gallery"
  >
    <div
      className="image-gallery-content  image-gallery-thumbnails-right"
    >
      <div
        className="image-gallery-slide-wrapper  image-gallery-thumbnails-right"
      >
        <button
          aria-label="Previous Slide"
          className="image-gallery-icon image-gallery-left-nav"
          disabled={false}
          onClick={[Function]}
          type="button"
        >
          <svg
            className="image-gallery-svg"
            fill="none"
            stroke="currentColor"
            strokeLinecap="round"
            strokeLinejoin="round"
            strokeWidth={1}
            viewBox="6 0 12 24"
            xmlns="http://www.w3.org/2000/svg"
          >
            <polyline
              points="15 18 9 12 15 6"
            />
          </svg>
        </button>
        <button
          aria-label="Next Slide"
          className="image-gallery-icon image-gallery-right-nav"
          disabled={false}
          onClick={[Function]}
          type="button"
        >
          <svg
            className="image-gallery-svg"
            fill="none"
            stroke="currentColor"
            strokeLinecap="round"
            strokeLinejoin="round"
            strokeWidth={1}
            viewBox="6 0 12 24"
            xmlns="http://www.w3.org/2000/svg"
          >
            <polyline
              points="9 18 15 12 9 6"
            />
          </svg>
        </button>
        <div
          className="image-gallery-swipe"
        >
          <div
            className="image-gallery-slides"
          >
            <div
              aria-label="Go to Slide 1"
              className="image-gallery-slide  image-gallery-center "
              onClick={null}
              onFocus={null}
              onKeyUp={[Function]}
              onMouseLeave={null}
              onMouseOver={null}
              onTouchEnd={null}
              onTouchMove={null}
              onTouchStart={null}
              role="button"
              style={
                Object {
                  "MozTransform": "translate3d(0%, 0, 0)",
                  "OTransform": "translate3d(0%, 0, 0)",
                  "WebkitTransform": "translate3d(0%, 0, 0)",
                  "display": "inherit",
                  "msTransform": "translate3d(0%, 0, 0)",
                  "transform": "translate3d(0%, 0, 0)",
                }
              }
              tabIndex="-1"
            >
              <img
                className="image-gallery-image"
                onError={[Function]}
                onLoad={[Function]}
                src="https://picsum.photos/id/1018/1000/600/"
              />
            </div>
            <div
              aria-label="Go to Slide 2"
              className="image-gallery-slide  image-gallery-right "
              onClick={null}
              onFocus={null}
              onKeyUp={[Function]}
              onMouseLeave={null}
              onMouseOver={null}
              onTouchEnd={null}
              onTouchMove={null}
              onTouchStart={null}
              role="button"
              style={
                Object {
                  "MozTransform": "translate3d(100%, 0, 0)",
                  "OTransform": "translate3d(100%, 0, 0)",
                  "WebkitTransform": "translate3d(100%, 0, 0)",
                  "display": "inherit",
                  "msTransform": "translate3d(100%, 0, 0)",
                  "transform": "translate3d(100%, 0, 0)",
                }
              }
              tabIndex="-1"
            >
              <img
                className="image-gallery-image"
                onError={[Function]}
                onLoad={[Function]}
                src="https://picsum.photos/id/1015/1000/600/"
              />
            </div>
            <div
              aria-label="Go to Slide 3"
              className="image-gallery-slide  "
              onClick={null}
              onFocus={null}
              onKeyUp={[Function]}
              onMouseLeave={null}
              onMouseOver={null}
              onTouchEnd={null}
              onTouchMove={null}
              onTouchStart={null}
              role="button"
              style={
                Object {
                  "MozTransform": "translate3d(200%, 0, 0)",
                  "OTransform": "translate3d(200%, 0, 0)",
                  "WebkitTransform": "translate3d(200%, 0, 0)",
                  "display": "inherit",
                  "msTransform": "translate3d(200%, 0, 0)",
                  "transform": "translate3d(200%, 0, 0)",
                }
              }
              tabIndex="-1"
            >
              <img
                className="image-gallery-image"
                onError={[Function]}
                onLoad={[Function]}
                src="https://picsum.photos/id/1019/1000/600/"
              />
            </div>
            <div
              aria-label="Go to Slide 4"
              className="image-gallery-slide  "
              onClick={null}
              onFocus={null}
              onKeyUp={[Function]}
              onMouseLeave={null}
              onMouseOver={null}
              onTouchEnd={null}
              onTouchMove={null}
              onTouchStart={null}
              role="button"
              style={
                Object {
                  "MozTransform": "translate3d(300%, 0, 0)",
                  "OTransform": "translate3d(300%, 0, 0)",
                  "WebkitTransform": "translate3d(300%, 0, 0)",
                  "display": "inherit",
                  "msTransform": "translate3d(300%, 0, 0)",
                  "transform": "translate3d(300%, 0, 0)",
                }
              }
              tabIndex="-1"
            >
              <img
                className="image-gallery-image"
                onError={[Function]}
                onLoad={[Function]}
                src="https://picsum.photos/id/1019/1000/600/"
              />
            </div>
            <div
              aria-label="Go to Slide 5"
              className="image-gallery-slide  "
              onClick={null}
              onFocus={null}
              onKeyUp={[Function]}
              onMouseLeave={null}
              onMouseOver={null}
              onTouchEnd={null}
              onTouchMove={null}
              onTouchStart={null}
              role="button"
              style={
                Object {
                  "MozTransform": "translate3d(400%, 0, 0)",
                  "OTransform": "translate3d(400%, 0, 0)",
                  "WebkitTransform": "translate3d(400%, 0, 0)",
                  "display": "inherit",
                  "msTransform": "translate3d(400%, 0, 0)",
                  "transform": "translate3d(400%, 0, 0)",
                }
              }
              tabIndex="-1"
            >
              <img
                className="image-gallery-image"
                onError={[Function]}
                onLoad={[Function]}
                src="https://picsum.photos/id/1018/1000/600/"
              />
            </div>
            <div
              aria-label="Go to Slide 6"
              className="image-gallery-slide  "
              onClick={null}
              onFocus={null}
              onKeyUp={[Function]}
              onMouseLeave={null}
              onMouseOver={null}
              onTouchEnd={null}
              onTouchMove={null}
              onTouchStart={null}
              role="button"
              style={
                Object {
                  "MozTransform": "translate3d(500%, 0, 0)",
                  "OTransform": "translate3d(500%, 0, 0)",
                  "WebkitTransform": "translate3d(500%, 0, 0)",
                  "display": "inherit",
                  "msTransform": "translate3d(500%, 0, 0)",
                  "transform": "translate3d(500%, 0, 0)",
                }
              }
              tabIndex="-1"
            >
              <img
                className="image-gallery-image"
                onError={[Function]}
                onLoad={[Function]}
                src="https://picsum.photos/id/1019/1000/600/"
              />
            </div>
            <div
              aria-label="Go to Slide 7"
              className="image-gallery-slide  image-gallery-left "
              onClick={null}
              onFocus={null}
              onKeyUp={[Function]}
              onMouseLeave={null}
              onMouseOver={null}
              onTouchEnd={null}
              onTouchMove={null}
              onTouchStart={null}
              role="button"
              style={
                Object {
                  "MozTransform": "translate3d(-100%, 0, 0)",
                  "OTransform": "translate3d(-100%, 0, 0)",
                  "WebkitTransform": "translate3d(-100%, 0, 0)",
                  "display": "inherit",
                  "msTransform": "translate3d(-100%, 0, 0)",
                  "transform": "translate3d(-100%, 0, 0)",
                }
              }
              tabIndex="-1"
            >
              <img
                className="image-gallery-image"
                onError={[Function]}
                onLoad={[Function]}
                src="https://picsum.photos/id/1015/1000/600/"
              />
            </div>
          </div>
        </div>
        <button
          aria-label="Open Fullscreen"
          className="image-gallery-icon image-gallery-fullscreen-button"
          onClick={[Function]}
          type="button"
        >
          <svg
            className="image-gallery-svg"
            fill="none"
            stroke="currentColor"
            strokeLinecap="round"
            strokeLinejoin="round"
            strokeWidth={2}
            viewBox="0 0 24 24"
            xmlns="http://www.w3.org/2000/svg"
          >
            <path
              d="M8 3H5a2 2 0 0 0-2 2v3m18 0V5a2 2 0 0 0-2-2h-3m0 18h3a2 2 0 0 0 2-2v-3M3 16v3a2 2 0 0 0 2 2h3"
            />
          </svg>
        </button>
      </div>
      <div
        className="image-gallery-thumbnails-wrapper  image-gallery-thumbnails-right thumbnails-swipe-vertical"
      >
        <div
          className="image-gallery-thumbnails"
          style={
            Object {
              "height": undefined,
            }
          }
        >
          <nav
            aria-label="Thumbnail Navigation"
            className="image-gallery-thumbnails-container"
            style={
              Object {
                "MozTransform": "translate3d(0, 0px, 0)",
                "OTransform": "translate3d(0, 0px, 0)",
                "WebkitTransform": "translate3d(0, 0px, 0)",
                "msTransform": "translate3d(0, 0px, 0)",
                "transform": "translate3d(0, 0px, 0)",
                "transition": "all 450ms ease-out",
              }
            }
          >
            <button
              aria-label="Go to Slide 1"
              aria-pressed="true"
              className="image-gallery-thumbnail active"
              onClick={[Function]}
              onFocus={[Function]}
              onKeyUp={[Function]}
              onMouseLeave={null}
              onMouseOver={[Function]}
              tabIndex="0"
              type="button"
            >
              <span
                className="image-gallery-thumbnail-inner"
              >
                <img
                  className="image-gallery-thumbnail-image"
                  onError={[Function]}
                  src="https://picsum.photos/id/1018/250/150/"
                />
              </span>
            </button>
            <button
              aria-label="Go to Slide 2"
              aria-pressed="false"
              className="image-gallery-thumbnail"
              onClick={[Function]}
              onFocus={[Function]}
              onKeyUp={[Function]}
              onMouseLeave={null}
              onMouseOver={[Function]}
              tabIndex="0"
              type="button"
            >
              <span
                className="image-gallery-thumbnail-inner"
              >
                <img
                  className="image-gallery-thumbnail-image"
                  onError={[Function]}
                  src="https://picsum.photos/id/1015/250/150/"
                />
              </span>
            </button>
            <button
              aria-label="Go to Slide 3"
              aria-pressed="false"
              className="image-gallery-thumbnail"
              onClick={[Function]}
              onFocus={[Function]}
              onKeyUp={[Function]}
              onMouseLeave={null}
              onMouseOver={[Function]}
              tabIndex="0"
              type="button"
            >
              <span
                className="image-gallery-thumbnail-inner"
              >
                <img
                  className="image-gallery-thumbnail-image"
                  onError={[Function]}
                  src="https://picsum.photos/id/1019/250/150/"
                />
              </span>
            </button>
            <button
              aria-label="Go to Slide 4"
              aria-pressed="false"
              className="image-gallery-thumbnail"
              onClick={[Function]}
              onFocus={[Function]}
              onKeyUp={[Function]}
              onMouseLeave={null}
              onMouseOver={[Function]}
              tabIndex="0"
              type="button"
            >
              <span
                className="image-gallery-thumbnail-inner"
              >
                <img
                  className="image-gallery-thumbnail-image"
                  onError={[Function]}
                  src="https://picsum.photos/id/1019/250/150/"
                />
              </span>
            </button>
            <button
              aria-label="Go to Slide 5"
              aria-pressed="false"
              className="image-gallery-thumbnail"
              onClick={[Function]}
              onFocus={[Function]}
              onKeyUp={[Function]}
              onMouseLeave={null}
              onMouseOver={[Function]}
              tabIndex="0"
              type="button"
            >
              <span
                className="image-gallery-thumbnail-inner"
              >
                <img
                  className="image-gallery-thumbnail-image"
                  onError={[Function]}
                  src="https://picsum.photos/id/1018/250/150/"
                />
              </span>
            </button>
            <button
              aria-label="Go to Slide 6"
              aria-pressed="false"
              className="image-gallery-thumbnail"
              onClick={[Function]}
              onFocus={[Function]}
              onKeyUp={[Function]}
              onMouseLeave={null}
              onMouseOver={[Function]}
              tabIndex="0"
              type="button"
            >
              <span
                className="image-gallery-thumbnail-inner"
              >
                <img
                  className="image-gallery-thumbnail-image"
                  onError={[Function]}
                  src="https://picsum.photos/id/1019/250/150/"
                />
              </span>
            </button>
            <button
              aria-label="Go to Slide 7"
              aria-pressed="false"
              className="image-gallery-thumbnail"
              onClick={[Function]}
              onFocus={[Function]}
              onKeyUp={[Function]}
              onMouseLeave={null}
              onMouseOver={[Function]}
              tabIndex="0"
              type="button"
            >
              <span
                className="image-gallery-thumbnail-inner"
              >
                <img
                  className="image-gallery-thumbnail-image"
                  onError={[Function]}
                  src="https://picsum.photos/id/1015/250/150/"
                />
              </span>
            </button>
          </nav>
        </div>
      </div>
    </div>
  </div>
</div>
`;
